data:image/jpeg;base64,/9j/4AAQSkZJRgABAQAAAQABAAD/2wBDAAMCAgICAgMCAgIDAwMDBAYEBAQEBAgGBgUGCQgKCgkICQkKDA8MCgsOCwkJDRENDg8QEBEQCgwSExIQEw8QEBD/2wBDAQMDAwQDBAgEBAgQCwkLEBAQEBAQEBAQEBAQEBAQEBAQEBAQEBAQEBAQEBAQEBAQEBAQEBAQEBAQEBAQEBAQEBD/wAARCAC2ALYDASIAAhEBAxEB/8QAHwAAAQUBAQEBAQEAAAAAAAAAAAECAwQFBgcICQoL/8QAtRAAAgEDAwIEAwUFBAQAAAF9AQIDAAQRBRIhMUEGE1FhByJxFDKBkaEII0KxwRVS0fAkM2JyggkKFhcYGRolJicoKSo0NTY3ODk6Q0RFRkdISUpTVFVWV1hZWmNkZWZnaGlqc3R1dnd4eXqDhIWGh4iJipKTlJWWl5iZmqKjpKWmp6ipqrKztLW2t7i5usLDxMXGx8jJytLT1NXW19jZ2uHi4 Tl5ufo6erx8vP09fb3 Pn6/8QAHwEAAwEBAQEBAQEBAQAAAAAAAAECAwQFBgcICQoL/8QAtREAAgECBAQDBAcFBAQAAQJ3AAECAxEEBSExBhJBUQdhcRMiMoEIFEKRobHBCSMzUvAVYnLRChYkNOEl8RcYGRomJygpKjU2Nzg5OkNERUZHSElKU1RVVldYWVpjZGVmZ2hpanN0dXZ3eHl6goOEhYaHiImKkpOUlZaXmJmaoqOkpaanqKmqsrO0tba3uLm6wsPExcbHyMnK0tPU1dbX2Nna4uPk5ebn6Onq8vP09fb3 Pn6/9oADAMBAAIRAxEAPwD7408i9 Kuszpdll03Q7C2aIdFkmmuXY/XbHF ddfwetcZ4IitZ/E/jXXbWYSi81O2gDA/wxWNvx/31I9djnNYYRqUHJdZS/NpfhYsTAzS4GKTqelKCCMda6bACkDkc 9ToBmoRy3f61NGSRTQmP6UH3NITimscihggIBHY4/SkKnsaQOAc8Uu4noefbkGkMOQfm4p6P2J5poUNyeaUIM8c/jUtgPLY5FKCc5ANNyRgn88UoNK4C9 OaVeR9KMYHpQOGpXAXNKD70meaPpVxAcR8tCjtSqOOaAO2KoCRDjOTTgQOQeKjGBjOD FSA44H5UAOyre9FIR6fyooA8M BsD6K3iHQJNYinWLV7lo4pFAnk2sI2myGOVJQYAHHGSc16vuFfP8/wO8WyCDUdK8T2kFzYTzfZIWhe3G3zm2OZU3MG8tYyPlPJPOAK3dH8Z/GDw0YrLxZ4Hu9RiG4Ca1H2h2AAAIaENx3/AHihj79vncuxFXAUY0MTScUtmveVn0dr2tsVJe9oex7h9cVIGNc14W8ZaV4tgnfTkvIZrVgtzbXdu8M0DHOAysODweOo74roI5M8HOfpXvU6kKsVODumSSbjnrUkbAAjnJ96gYnsP1p68HtitBbkrN70gIOQR FMJHrSBuCDQwH5HqaXJHpj0qMMKR5URS7kADmonONOLnN2S3Y0nJ2ROMYyCePfpTHuoID 9mVT6ZyfyrLkvbi6cx2qsqA4LDt9T2/D1p0NijSCKR2ZivmxuvCSL GSMZH14I7gfJ1c/wAVjLvK6ScP553UXv8AClrLZq ivod6wkKf8eWvZbl/ 1bPcF8wkEgAkYHJ96F1Cyb/AJaFTwSGUgjIzzxweeQeR0NUjBpl46xS2IeO8tvtGyWMDaq7RnBGQ3zjjPGPXJMi2ml29uXWGKC3hthI2xCoEYBxgLjGAD09B6Cmq2cqDaqU3K/ZqNttr33d730SejB08PdaM1I5EdQyOrDpkHNOz61jLYzxyxpBcr5ywhpQGxySAMd8HDnp/DziprHVhKFS8VoiwGGZdv5jt9elVQ4gnRnGjmlP2d9FNO8H894t9FImeEuuai7 XX/g/I1SM0nf6UoTAxkmjA9DX1MTiHA4HWgHPXpSYWlG0HpwasBwbHGeKeDgdyKYpA4xTlJHDZ9qAJAfReKKQHHBJxRQB89QftJeCJolkj0fX8MMj/R4On/f2rVn 0T4MnkRTpeuRA/xyW8RAHr8shP6VieDfgz4f0HVdNuNQjN40mY5YJ2Lx5KOckHA6qDjaMDAyxyx9Uj8MeGIuI/DmlqPa0j/AMK8XDwzOcearOK8rX/yB2KunfE7wNqq77XxJax7QCRdE25H08wLn8K3tN1zStUOdM1O0vAOpgnWT/0E1nHw94eGM6BpuM9Pskf FRXOkeFLOE3U/h/TDsIK4s4y27sBx1zivSpRxDai7N V1/mTKSgnKT0R0c06QoZppUiRfvMxAArnr3xvbQzw2enoJJ7ljHB5h2CRwMkIvViBkkcEDmsG4j1fX4rl9PncGGch43dj5J4B8oyApJIPnGD 7Dgq3R0XRsrTS7bU430S4NrqARIZUuVkYzxQknOHIJA8 QeYnRnAJYKUPsxo0aH8X3pdui9f6seTPE18V/B92Pd7vW2nT9SG38S JtWtLbWLJZRp94lvLFcRQKyBJvuOV5kUDK7sr8gYM2FDMJpNQ8c293/Z72yNEsJmjvI8s1y2QGi2sgWMrwRuIZ952hhGzDJ IPjKy8C GL/xJALYawJMyWsUweJ5wow0inazIpeHLqquR5SkqCAPIdF NvjBJ7W11u10u502 tJdS1JY4pIZdPRS IrfDgRuqwCVe7MQQd2DWnNzv3YLTy/r8dLHPJqirTqyu132/wAvz1PeH8YahpG0a1aR WW2CRsxgvvKBd/3M56L1OR6itOPVotflWHT5EQJyUlO1j68DOTj646 1cB4b MvhbxhptlfteNos oW81lJbX0whM058okxOD 8C7nC4KsA doyKv3egX0b2l3p9zBazzSSRLZoAkRCFnQowHySeUMkbtp2AgLya8TMqGAzh/UMSpQtaTcb8rV3ZS0 HTWz7N6Hfh6uMwK sUZKotrO1 mz6vXt33Z37yrptlNcwxMkcILPGXyr8ZPJPy9/TnqOa5ibVtSvJEksnlFpIhkgYqf3TglH2jqciTdycKqkDaCBT/Dvi8as6wapCRcxREBZUaJndMbVZcAo4wQfoAccsOk8M IbHU45tIW3WxnhBPkMq7VhB RwOMqrAnoBgPkA8V5WMwzwFWNGpZdrbNb6dLP5Wd1rdHsYTFQxtL21P590/PrdfiYIiubqS1Ed7fWqQ3DSr5czIXCur7HH8SMBgqeoY9DgjzbX/EfxE0r4gTeEPh9r19rFta6ZJfSWV7BHNK0858uCBn2qRFHI0ch dP3RlLMQAR7DNaS ZF5ULLtmcOrfe5K8/nuH0ry/4NWmlj4g/FDxnbWtxBc ItahhInh2TJa6fCliQyj5iGuYLp4jk5ingYAbsV81mlOliuSCqckrpXTs2uV3XTe71a6K6PWwsnTu3HmVtntvp9x6roaa/d6DaSeKoLKLUrpFN7b2rM8GcYKpvzhTgZ 8MZxnOalv7db0BpG23ZVvs6Bj8gwCd2Oo 7nPAyAOcE C/tO/tq/DT9m 2OmXhbXPFtxH5ltodpMoaNMjmaTBWFT2JDM2DhSBx8Y6l4//bu/awj0zVdOvrjwR4J8U376PatpXn21sx zyM3nfZxLfSwMscgaR1aAOzDKDcB7ccBDE0PY4n3oNWfN1/4L76cv2ddTilVcJ81Pfy6f8D8 uh l7/EzwV4ZujofjHxloOi3saNIsWoanDbvsUbmOJGHAUbs9Noz0FV5Pj98CIVLTfG/4eqo6k KLH/47XxX z3 ynrXwB8U6x8UtE JuoeILXXLObw5o q6ZpZEtzMzr5jSI7ObcefBsjkJeIiIyO8YeNTg6p/wTG GaaNFbWfj7xfZ6rosK3fiTV7q0tn0yO32Z82GNxCxBBMxCyy7Et5kbMjRBtcmcMDH zpVHOUFdOSt7jenrba5liYuo/bJWT7dz9IdG13RfEWnQ6z4e1ey1OwuBmK6s7hJoZP910JU/gauo2eQeDX5PN yL 018DT4l In7P8A8bWvNL0DT4rprvdNpc2q2Iy  CFjLbywCSKfAklXesQdFZJYmf0r4Uf8FLPHfgbxDB8Pv2uPh3faLett3aiNOexuo0fzGWSW1kChkJMSBk2jaGb5j19 5yH6NBuxNAYnjHT0rC8IeMPDPjzw5p/i3wdrdrq2j6pAlxaXds UkRgCMg4KsM4KsAykEEAgitnf2IwaYEqtnhgePWimB89Bn8KKAPMLiURXdg5bJa8QH8Vcf1ro/MAOc1xuoThbnTiSABew/wA8f1rU1DxHbWwAjZCScBmPBOM4A6k4B/KsFOMFqZV69Ogr1GbzMvbj6Cuevru41C4Etk0rJbv8qRmMscdXXeQuWwyKcnBywwQax7zXNZkguLh7GaKCINia5lWCFwEZt5K7mVMqVJZd3QhWBBObEdW16cWuh6/ptvM1w6QSvbLO0h52oVS4 WRdkkjA9UwRyJFTpoYidO84Qv0v2ueNicW8TKNOMXbd fb u52i2tmLN5NMtH0m7lBZ/JEaMHZVBdgN0TuAF5O8AqB2rat9MTVbSRd0vnQxNPbSRRo8iShSpKBgVD4bA9d5GCMivPNF8O69p8SG2mgntIJFhvLdY2ElhhQvDtJkxDAZE8tXEOMIWGw6i Jdb8JyxT6gFCpJvWaAm7tSejMJNoZQCxVmZUwdwzjBIsRNO0ofr/X/AA43ieS/NG0e/wCvr tjzj46W15HrWqWWqrDKo0W3iDQowjkU38MjMueeQRxk4zjJxk8rceCE1M6vBJfwRPJHFBc3EjbY/ItI0PzLjOWMUbDBySjDvXsvjD xviDpdrDeWhEcFusEBsXwVh82OXbGCdpDeVGvQnAGOprzvXPCU0GiXN5FqN1q9qsO24FtbYucAs5QoAx ZzndzsUc7sGvYw3JiaXND8Pn Z5sq0PbXTv6/L8rHnCW0TXS69d2ayWdsgtNGs2w7CFWOGYem4MzHoXLKvRtnofwn8U3ema1HY JNYe vboTSW1vLCjSW0jLlYlk2lxIwBAjBCgsF 8SF5yHT5tNa5ku5Nl6zCGedskQhFKiCBcnIVRtLZxnau4KSz8j461WHwl4fnmg12z8OT3SoIr 8uvKuJULoryRBT5uxRk4gVnG/B3CoqYVYhqm r00vbpe39JLTudVLEOgnUXRd7edr/02/I k9chuYJ4EC391qlnCLi7vLW7huIFVzI21lysy7GRlR/LAZfvFm3bNi08RXWqGPVGaIzLCIPNCAuGypbkjIPyRnIOT0Odorz74N/FDxP408I/Yb7VHj1TT7ePUdT1W5s2hjv7WUzLDc23mozyApAAZWXGY3GxeAuzpF1aWV3dadbMptxtEDxzGdZAACjeYwBZWRtwbnORyetfOcS4GvXyfE4anN 0pJyja1 VbxVujV XrtfY9TLMTTo46jibe5UtGW 72evW 72 86iSbzGLSSyMxPJLmvnH9r39rPV/grpdn4A HtsmsfETxLCbfSf3Xnz6XFKQnmrEFYzSO4CxREFWcbmDbAj r/Ef4i6P8MvAeuePtdJNnolo9y0Yba0z/djiU8gM8jIgJ4ywzXxf zH8E/ih8UPiFcftQfEq7fSLvVdWj1Cy82zRrhrdoJCs9qLmOULGoNrHDnjyi7KwaOI1 N8J5VLEznj5xco09lr70 idui0b W p i4znquOFoq8peWy7/odZ zD yvF4f1XT/iv8Q9Yt9f IFwk uSadr mTvFFcCSEpLFO 2QzxmRt1yVlgMtwhiWV7cSn2bSPGFl4O/4QjxN4ZNxDftYT6RqAt5y9pNIQr3AeORWMzma0wLgFJG2gszghT2T2mmaeuiW/iHWpL2fSDdDSY5p3MnlhW2qq7jJM8NtujLks7L5juSzFqqSWnhDRmsdJh0aJbi4u0FpbXVnI7pPboqKFWUfI3lw7lBxvRHcbl3tX63RpOaU67fN2Wy32tqtOz8vXjeRV6cfflGPk3q/Ltq9F5nnGr NNb8SXNja6mNlvH4zudehtTGDEtyEup42UHOAJQsoAON43HLEk39V8Xaza G/iLd6FfW tav8AEuI6JBp17ve2DWtvPDdRxLEgIle3t7vAJ2GRIRwM7vQWtfB3ii50/wAQXOm6VcT3syXdkLGX76yQTRRTEQPzG8Uc7K5 RgC46g1lQeBtJhj/ALW8F38EgSHUri3tZHSS0nvLqUTpIZVUvGAzSruXcdk7cNgZ6Y08PzqoopSs1zWV7Pz38/VGTyTGTp81JqS0ulK9n2fS/o/QoWv7Svwe IXiPxz8Q/hz8TNF1u7svDVhZ FvDV7epbTazrVsLy5haGwkxczFnvLWCL5ATMHCozLG1WPHXwc CvxYsdW0P4wWEFyfD2jW3hjTdH0yaUXnhy4WGO6kMM5bZJshu9LJupgIVwxk2RSSKfhjxN/wT9 IaeJ/FOqal4njsdL1LWLu10JwBfXWoQNKTbrLt2LAGjDNIx ZRExETAgH63 FPhZ/hfpmo ArPxXrvxE1zXbjTZNfl1y64CWsAAjurqNfP zMjR7LF5Zd6sse0W8l0x29rDm1PLeWYqMXeNv67HzT4Z1v49f8E6fGnhnU9VmvNU G/jKJbq3tbyGS2Mlu2HaGe3cb7O8jEisyYbY7NguPNRv1Z8F MtA IPhPSfGvha9S80rWbdbq1mVgQyngg4JGVYFSATgqRXzn8WfAHhH4x APE/h3xnp9z8R/GWr201tpljp6RrJ4cdt0ls6lnSPTwXRHZ5ZMzLGsbPcqnzfP3/BOr4g Lvgf8WvFH7JXxdjh0S6Mhu7C2upEUi/2x/u438wK4mhZHUIrlwqkMAObTtqcXLunuj9KQ3AKiimBhjIoqyTxTxF4gtNMWVI233UESuUWNpHQSP5SOyL82CxICj5m2sAM8CayjtLW/wBO1hdT0nUjdAwidtivGhCB2t5Bn920kcZeNjjLA7/kRG1PCHhu lEc3itp1vtQsY7iK2dTFGWI2OcECSNjmLfGeBlR/EUql4n8M6vrdjepewxQywL5scW8Hy5EBGFZtuUZdw3fLkbScY2jlhH7TPKjRabqVdZfl5L tTIi1wmMHSrVrK1jiulgt48bYZoI5H3INoI3CSLKkkDYAoBDFtDwYsZ0O 0O1863gEbtpLSTLN9kdIo2DfPgtslPmKCWwcABVRQsd/4a1XRNUMuojEguobvcA Gdhi4C5GMO2Gx0AXHUYrLVb 3sxpVrfG0nEV1FHdwqrGF5UEfmAMCrYIBwwKnGCCDit1VcVyvb mEqcLttav8A4f8AyO5m8Q FrOaDxBq97YrZzaW813PeW7RNKjtGYs3CplYw8r7cDgykdWxXleq/FfwHd NH8K2MsKXGnPLbbo7ILHbwbN3lLJ5atEkSxR787NvlEtgKccZ4hs9aunsZX1i 1C70G1hsNJMxZpZL5gWMuwfLujZvuqMZSJSu1iB5xd G4NJ07/hHY5Bp9gFR9c1Vhv8AtD7tyW8RH3xuUYQHMjoZGIjjDxuljHTlzRX3/wCRzVaCxEeWb 7 n/w7PpK5vfsEKSQ6lJcmGf7KfMX5HBfYiqVBYBWIXJUEBSWz1rT0e S8MWp24lt7hR 8jQ/OTjJjbafvg9CM8/nXlPwo8Z3Eujmwga50jTdKdrezuJixkuI9qjY7RghmXcv7pQSA8eM4Z36yO8s7CeLV72aQS3LvA2yGMBsAuCzFt5CDALcgGZcgb1FejZuP1vDaSVrrv0s0lb06ngVYSoVXRn0/q5yvxH Lnjs ItT8Lw/BlZpLApDBr nade3xTJUxXErTJZB2Cbd/k3dztO4bWPB8I8XfB2TxTe23ji9uZdd8SRMS2n IbswaT5cjDzIkjtUjliATOMyOxYLuZvvD3r4keCbbVfEtr4mkis5VvMxyw3MVxjzo03DBgZSWcBj82eVbtgDD1DR3sHuJdW8PzpHEiSSJazlBErD5SWcSbcjsa7qVShVpRqQ66 n56m8q9d2ttt6/M5X4NeP/AIxX/wAerF/H3h3wi02pxSxwWlxqFugtyqPLBJFIHmuY41lQkJFldzOdoJZx7rf6/rl5rt1LNfQ3zW0nlWVrbQnCIhIWFAfmcZ4H1xjOa8Wez8N6rf6RcXZ1AtaXM7x20FvHOHhNvIr YxdNqBjEdwjb5hGMDO4ep EtBtvBlle JbqK1tmu7USG2tdOWBoY1EjE5GC7OjDnbu2jG5g2By4uvRpVI8605HGytZra3l6pabXPeyLKsTnb9hSdveUnJ30Std fkm9X23NfxqfCMmkWM/jqzsjHDOlytpcTq8BugjFVIYiOXyxufL5RGjEoI8pZBnavrHiS4ku7LT73TtPuBd/ZrVZZmSaVGDGNo45YCJJma2ucICy7ASwcZ2/I37SfxU Ilv4i8I/FGf4e2Wo6F4Yggv7zRr5xDdabNNPdLFctLA 421wiG2O8yQPJasHjCywmb1v4H2E/izQdV1 bxHeeM/C3i6xFx4fsteN3K6TO1wDbSTs80e6ILJaSOIiJG3t5Yj2C4 Lp5dSyygsPhVaCvpvdvTe vnfT0P1mWYK3ssNp3dve6WdmtVurLVbtK1juUudI07xn4W0C 0Nba6uptPludPSJP7MuZ3mHmXKxh91vdR3AZg JdyIsZYhyYcG  IEur FNXu47a3GoXV7aaPf6o0k1v9ug2ObW9uLaBhuuEFmsUgWUeZCqAu4SOBY9BtQ2s/D29iEccOn6kNL8pFwESO7S43 wP2oj/gFVNK8CyavoWm6dDLPHDfaowv5Yot/kxRpCEkOT0Xz5eenJGa9GnFU48q/r uhyqlHmU573v1trpb01/I2bf4sW3hrRPDvhNPBvie vL6e3LW9lHZQRQPdn7Tbec0BYxW1rATFI7xsI0EWDJtYjjNA M2j/AGrR/h58EfDrG3mhWS9n1a kgays0urW1gnLSlpLdnhtyghWLYTcxKu6YCObVey1G4Ora/HD/pniG5ktrKFMs0cbNmYICN38SxLjjaZlI4rI8S ENS1e0l8O Ap7SHV0glupdUSUWsUt4LWeCJ7iYI5aC3N08kYxzINynDhatyuOGHjTcZQbVrbb2TuvnbS/bQ7z4V/HfSdb0iG2v/Ea61c2qfZ73VILFreC4cSRQ5EMgWVhmZGlYwpGm/n5VZh1XiLwgY7WV9JvrzTvD9rDNd3ml6TFKl7NKfNkmkWaImeTe7 aViCztLljJIrsleWfCZvBXh220bRfAmkap9s1m4f7de2cVnaXd/NbJHKzzR3chuLK0dLkyhLeHzEWZWV4ypQeleGdbl0c2VvcQWttZXKRLp8ljq93rZkfy98jy3bRkcncPMd/n2hidzlRnJrpserh5PFpUcQrSWl/73Z669n5qzd9XN4P8a67psdv4I8DWcPgPQb0Xt NQbRlku55UhSVVsLNN4kmkALNbSwpOyRXO1Qy71 Vv269Hn E3xF G/x48MPrNnrIeAG7v5orae FtHA8EsUUkr6iwwZ4pWvt8qkRxs2zy1H0J8ZdQk8EwRfEVIPFmp6VbziSW303WIdKg0WUoITP9ohT7UIyru/KTqCHVgqMBXjf7Wx07Vv2ZtcsZPGng7XJ4NYsvEkf2XxTpkl61yW zlhBZ6Za/aiYrh9zOxYAbsnbXVTfNCzPh80w0sJjZRatr f9f0z9G/DHiSy8V GtJ8U6arLaazY2 owKxUkRzRrIuSOCcMOlFfM/7GP7Qnw0uP2dvCui KvGUOk6j4X0 20i7N jRxHarCARycq37qP7uQw2nK4KklaRkmrnlyVnY hNMu9L1LSLWW0u5LrTZgbqwkuo2iuYOqkkSLuGwMyklSpVikqr87vilhp3iQX v3TOoGIZovMQq4bCEjcWIALL8rMXU/KxPEmD4IbxBZabIlxbRJuJuHFzC 6WUMSGdiCgBAT A4O5lCljUV5q6z KYtKjtYmFvpzXk1zDLLLbO7SCMQKzQtG75DPIJJRJwhC7SSMXNKNzyq9SNJXf9fd/Xodj4iv9Pt4k0xXknvLYtEXMYLCPJ2qxGMlcsBj5cEYzXFa3YS6rYy2VtcRWv2kCKYzW7srwtIplAaORGjcoHVXBOxmDFXA2G HySWYlmOSx6k uaeDkZ4xXM6kmzyZ4upOV1ocJongjxHLff2Vq3lC5WFnOoJLiE703XMuMDOWYxjphEG4ZZTWZ43j H90lt4d8NwT6zdWMW 6luG2WqszKm9sbcAEoSzMAG2A5wVr1TWbI6h4PuUt8LIVaPa82xXdBvVSd64Vl3IckgDkDIArxuawiEEUrxQzWyyMERrmOONAYwm/7PE3mCQbRmTcS20bga1pSt7p3UJ3iv6/r vn5TPdW h63BrWs6tc6tqlptENvafuYIAAcRb2XCopLKYoo/LKn5XGa6238ceOIvG1rba/8Pr3TtPvrXdp959iuZM3EUPnEKjBlWFtzxp5kinzQ7hSvzNra3YXkTtPpfiexgR4fLk wxzWzSp2D7Ik8zp1Yn615T4f134Zt4x1rwje69qUV/quuWISSG1t4fLaBVhuomaW6G7cqLCjyR7I/Mm2rIZeOyhWnT9yLdn2v CXV7d9RYyhCXLUktV67fctt p9EtPfar4Tmu764k064RGuv9PtWiaDYS 0xgEvhAUDbTkncBnGOD8QeJbjU0Ft5v2G7iIZJgxeM7SxyrrkjooUjcCSTkCpvgp4z8H K4dXbw1KLmBJIbh4gshaFJg wuzqoy6RjhC65ViCoKqNLwl8L9V1C/stM1iZLXSroGWB7gBZZJTGTsWEsJFcqkhPVf3DZLbBnowsvZynCStZ316X123X9bnlU6dSo/ZU9b/16feR/Dew1 bXbvVdVtrS4tI99vaXqPE9xFLjM063EamQFz 6U7/leMMuNwZet1nUNcfWI7nR4DPNYXAd1jAEiscGSQKWTgKSoIJCnfvUr8r7xistOs2iXSINPuY5PJvYbW6aRWaNV6jaAMq0ZQ43bCmQuAobpfgq v/sGpyPa2U07C6vrZIGJZy2SEKugiXv0LAk9SAK83HTxElUlDWbVoq ivZb SvK6620W5 qZNQo5bldNaL2sndu6bjC76a/FZNN25W1ex82v z18c9d I m L/C/xA02y8Oyotn4r8PeIUudRsb5kl3TGO3nD/aI5GwMyvHMhXiZ2AlPp0v7OdnoN0L7wv4jFrZWF3NqWlWdvoNsZ7O6nmma6WOQPGCslvKsCqdu37LaMHxEUb2O5IlkMbRmNvpjCg4J n168UQs4YxT4Yy7QCxABXgtkk444JPQHPNaVKUKus1f/hrDoOpBqMPKy/y6pemnZ3SR4pc2y6XLqF7cWU2nTLMupGyufKieC4hYCaParFQu2YTDYxHlGI5IOa6dzr/hbwn4gtNLlENq99NayxxxKxnRS8agHB5Evl9ME7SD3FdpczJNcQT29vDHJasWhn8sGVXKhWZWIyMqAP8A9eKWO81GFg0V9Jn/AGjkVzpW2Pr1gp1YJ1Ek9NPRp/ov6R4mLK4sm8iwVTPCh0ywZSSFZQWuZw2fuhmkIY8DzCwxs4p3NrZvpUttDerpuiQSD7TdMmZb6ZRn5E6sF7LwF3ZYhmAPs9/4b8FXum319qjHQ0hhV7qW3by7ZbeNjI 5MHYnchNg4yTnmvBdJ8ZeGfiU0up B9Bk17wxEAtp4g1y2fTbS4eNwTFa2kh/eqjBg5ZwScgRvlmCbsrswdLnrKjaz/C3XXb9dlp1yvB3inxlq2j213e HYtD0d5nF3aTati3t2V2Pmi5TAnmXCMUhXaNr7E YtXb3CtqH2VbrxF4005HlcafeWkWmTWuoxmPzAyuILkiLYrFJJBCzbud3ygQQ/B7wr46uG8Qa545mkvnBjjt49TW2jCAnaqi4jeRVGeF2qAOBxXm3xy8MeIfh4dNt/CXhqwurGyk3wPZ6BP4iu3MkbKwW2lkFmkoEky73QF4pMIQy W2cYN6vY9DHYzD1Y2g37RKzTsnJdfe733tq1foeseGdc8CfHrwFr/guPW4dV0q6hOiX93EyTMjtEjxXKttEburNHIHQBPMRguNhA/Nz4ip4j8EWWr/AAuvbdrS3sNVe1nt43W4g86BmSXDsuEO9AMwbUcDLFsKa/Rz4GeGvEUPhuTWtZ FNt8P5bq3hvJ7Jfs9pJJHOcwM1vbWyRPKcSmQO8c8LYje3VDHNJ4j 33o3iHxx4m HPw 8E A5YX124gjv9aSxWO11PVbueS3sYJrkIP3sey8YKz/AHZ2bHBNb03ytp7HzOeqOOw1LHQ JPllo10ut9TxD4U/HHxp8E/hpc3fw68WQ2l74g1eAai88U1xHa28FhAbZQsYKoZpJ73BbJY2j7MBXyV9GH4EeAvid 1Z44 Blxa61oPh/wAG GdCgt30J4IbmV7Oyt1iMzyQur5ivyCdu4 WvIAwSupQilrb8D4iS53d3/E 49C8A F4ZBr0/ge2iaRBLLd3ENpEYpDyRMwJbPPJAPPc1n64iXOpLIojAMZMDxTTXKTKehWRowuMAnhiPp37bQNNOn6Rb3Ussk0iSMw1PU4FnvpdxztiijVdny/KAFUgoSY2yWPi0mpeIfib8QLrTdCe50/StKuHOoa3qASQ TE6q4hQEoWLhl RduT045za91xPMxFPng4pb n5/wBfM3hkHHSpFfAP8qzfFvijw74Qv7m28Tanb6dFFmQXE0gVPL2PJ85OBuWON2cjKjY/zHaTTLjxPpNhE12DNcCNDL8sDFcDBycjBGCOOc5xzmuFpxdmeDKnKEnFrUsfE3xGfAXwtv8AX5LdJLiG3udTjieV4wY44jjeyI7IrbWO8K2FBbB6V45pfxrs9csF1LXvh54q8PXUlvbGXyvDSeKLa6u5U3Yhv7NZkkJAztcpJvJHljIFTeMLXxF8Y/GGj6VfXk2k HnuohLcRk5UGb93PlCJYZAsYntpSWjkcFZEavS73wrf/DS7glv5rp5iq2s19HCI/OYcGUZzFOCrFsyDzQXf53KHG9FNu56mGVo3t/X9f5HyZ4z/AGq9L8S6bp ifBjxf4H1PV9TLrPFqdkmly2cZTKur3dvDbsck5/f5XAIVwSV7b4J/Cfw/wCDfiLYa1dJ4a8S6BqeiTrJqfh7T7u W3uSYR9llSFprUMSzhdm5sx5GzIJ4T9o34IaNpvjf/hZI E2j33hrUbWOe4v/Dk0um39rcIFWRWUiW22OXDs7QyTs3m7pFVQKl CGk6L4ehl1zQfFF1NHqEf2eIXFqmkXW2Mlpl80iaKWLzFQlmk/wCWRCgHOOmnTdWpyWt59vnpp6/eZ4rFQoyXlbTX9P8AI k/D nW0LXepaXZajaJJfXkO29guoxKiTHbKvnHbuPO8BVcMDv/AIMeO/AHWp/CEvi8 J/CmrWtzeavNqVvp pRz2k9rK13mMRgkNADDFEXRl bK4BV3B9N8J6h4hvNClt/Euvul2bsWFkt1cERRmUpHECSSSWlfGerZUAHjM/hr4W6nb JtWtbTX7aC80ZrWQyyWC3CO88G84Rzj5cYBIz0PBrooUaVPFOVWWil0bd9G2769bffoclGrXrJvDw Kyu0tLLaztd2u1r0V9y2NT8Tal4O1O7v7DUdN1CUXU9rLPPhpUMaiKWJy5dUwoClyGyhPOQx9D CV/deKvCO3XLtbbVLGRoHkjuknlmTOUkYAtsHVcNydm7vXC6/eazqum6zpWt6hLe3NmlxafbpLERRuQmdqpHu3bSc p3rnGa9N FN/e3PhpLI6MtkLOVis0NtDGYUZQyssMErAqxLYZT8xDAoMHPPU/e4idRPS/n/lsvO3ofsWJj9TyHB4eUbO178yTVlqmrvmcr3aV7Nava8 p6fqMd9JbW9ut sC ZMzRAkRgZJIyAP61na7cWlsXsI4GjuZBvcNLIGUHPPlsPlB2sOpHB4yOOivbkzyTXsfiGaS4lURMtlZtAWIHIl35GSpHDFeB9K4Xxr440TQXsdP8AEviKC1v9UvYbe1tLi7klublnwnEXIBDNGCQMYbO4AczUfumWUwl9ZjGS030Vte7Votq/k13E4HFBNNbI57djUbOScLXPufcpXNCwVWM8hkZPKjDbl6gF1Q/ox/KvAfGcWjvql5btqHhq5vI53WOS8uL83KspIAbJWNvcHI9zX0HDGLWzS1LL9s1GSNURsDZHnK5JOAXbbjPZc9CDXKz/ABb0HQdSv9I8SeEoxpUOozWFvqFmUkG5JGASZkJ2yhFyyg5OCQCpBMTjzOzOOWMeHblCPNfztov DfqeefCn4l NPDN01j4jk8O6loolRFTS9St7LymYgnEaNGhxncQykknHOcj0bxDdW/irVdNs9Kkkkh1O4VHjnFs3l4VnEwSF0aRIzGHZIiJCiuVdGAdeG IEfgjxZrlvrXgTwnZ6pBgtc UZEcPks0rRW8iS9uWlGPTjiuO8VfEXwH8LdFT4ja34S1O/tdAuEuVtoLddRh3SK0O54GMQCoJGcO0yYZV5LbVOsXbfU8CsoVPfjeDs rXfydteqfmetTW/hTwjd3lx8QfD6aE16Laz8Mau2rM1tf3VzJLO nxo7oLmVXdyty9vHNLG21lYwCafqfh unR OtPn1LxbpNnDLZzWtppNw0YutRuBIJQ0W9sssSh2YKhbc0bblCkP8E/Dzxl8LPj9 0D4Dk0zxr49trHwXp7Dw14d1zRke1RoF3tDDcrfTtGScy5lXAWEQqyqlvCv2Kvwu8R M/ij4X8QW2rjTrKxsJ5LKW3naO4W5S tHuRkD5Va3XZ3DCR1YY65ym4yul0/pBRw6r5TUhVm3ed735to819Uuid/yNP4BTeE/FX7T/7QviXSrZf7QsNQ0XR55TgkmKy8mQD23Wqg 60VV/Yq8Kw2Xij4/eOI5xN/wkPxS1q3RgcgRW1zJsH/AJHP5iiu6Kjq0urPg5X0Td9F R7t4Qgl0d59Oi0jSLCK3gjRLjTywSBDlpEWHy1jiJJRgqluu5ydqB/OtYtD4avdSutPuvtP2kj7LtTHkQjLIDjuflA7YAYjcoxHo2p6BqtzDDa/29fa3bWTyXdkt9eeRdsCUJWGSZbXa7Evuk253AHL71TR1LT47lm1nUpYrexbGyVmBDJ1L8n5gEUtzjI6dcEUlJXR5sJKcE4/1/X5ngHxv0W98Wap4a8Nyu63d8w01fKLB7Zr6dRLdNGQMxpb217GxPRpgcAsTX0F8Ll/4STwZYapsBkminty7IAu2NSqkL2BEcfA54HJ6n5L/aG8V I/FP7Qmh AtI8Ow/2R4b8H6xrVzHbMq3ttcPZ3ItI3dztSXzIrKRV5 aQbgRGWP0B yh8WtN134ZaL4N8Vy6PoHjezt2m/sZLuNjJYRT WZYSrFZSsMLGQISVJywUMBWEF77v/AF/X5GFGHJVk5dbf8N H3HUeNPA0cmvwXkGmCW1v7HyLu3iXCKzuhQqRhjIjEjIII3AZGa63WNN1zVvCsdqzh7a2DXEcbRlnLR8AFnJwv3lcNuKthuEyF7uS1bde2cKxtPa3C6hahmPR8n5iRxlhMvfCkY7V4J8df2g9V0CbXfA3wa0W9vfGU2hTX9hf3djnS4tQaMeTA8rsq/aGjYkI3yArFuIyVOiSWp1OEYpv v67nO/F TxK1rYeAvhnfW0WvamYr 5 eApFpMgki 1OsysmwyEQqrLufkrkxNt f7vXv2XNW1jw54A8SQ3vxH8Qa/dm9udP8OwXmm6K06tKxvzbrdfY5tsamFnR5/8Aj1ZMqqBF8s174T/ED4qyweKPiZeJofii8sotK8SWsl01xaaiitsEjbDJ9kmjiggIkiMwaWOItAMSSS wfBjwN4j GnhafxL8Xpm8WazptzeppzXcaSXs9qVVI4lmLLLvl8mNlDT4jCxKWVUYVlKolO/9f8E5XU9lO73ei7/Lvrv/AJnHftgfEzRvB/gSH4Y6PYWVncanbG8 xWclpElpZrKFjAt5lJkVmEmwwkSRPAsoJ8va/wBNfAzxTqHiJ5NX1u9F1eatoOh31zcLGIxLI2nW7PIFAAUFpScYGM4wK ENU Av7UHx  I8Pij4mWObFrlpYk1HUE xW0Bfc1tGltIZYwwwCY1Us2WZgxL19q/B74bW3wntL3wJpd/cXMem HyFuZQVaSRYYdzBSTsUuWKpk7RhcnGapJUox9dTqw EdN0qV9XL8WmddoekRweBkvYpGkkku5p5XYnJ cxE88/8s0/LNZFhdeKrXw 39i65aWNtpbtp/wBn y7nEMQ/d ZKxZZsQSRyFRGfmJx8wwPR/B3h9T4NtLSeTC3MMjt67ZWZu/s9cTq2lXum61c2V1fXf2Cc VcRrMEOzYojkMiANxtAyChCtycIQVG1Lln6XP0l16mavE4GnvCc5xd1e17cqTT73urbJXV7lvwV8bZ/GHiDU/B80beXomn2d211HI8T3qymRXVU5KiPZFl1IyZ4xtTIDY8Ph 2 OvxHhl8IPpw/4RG5lt9T1KzBQ2y7d4tTfRYaNzKVZoYWY7DIJDH5vPn v/BTxj8QtcGkaN43udD8G3UXl31tpAUm Uhg0j3TYEgdHZSqiZFI5RWY5 m/gR8MvDngHSLnw14f063tdPSG2gkjiiCxR2sRkMduBnJ3PJLI7uXZ2eZnJaQmtazjUm Vaf11/wAjxMPWnl8Oa/vJdVbfRvl6LVq8nzS0tZXILX4f639hgS5uLP7QIFO8O4EpLhImdXLMjSsSQc4AU5Cn5Rzk1jqSaldaXZWoubqzMu5IsjIR9m4ZHAJBwf8AZNe0a1qsWl6PNr13GHjSOXWJ4WDbvs0Cbl2gjKsD5TEdA26vPfhLrOn KPFHie0itLiCcxT287yuCCfNK7VHbHzE/wC8D7DN010PQw2d4qnTk5apf8Hr6r7j5Z Ifxx Mfwb Jkmuat4f1B9B05FurzRxpTFtV0adII7mZZJdoN1aXEib4QxDxXUTYjVXlpNJhvtQtE8S2HiCweXVYTPa6oir9g1yFicfaInG2OXcCG8xQpdT5gSRHdvrj4vnRr/AOH2ua3qOkWd4Bod1qVrHdgmMXcVrIwU4IJ3xlkcDAaMOjZVyp JPBdrH4dv5fBthBqWo GfFdo2o H3EDXVxayybY/N2REb2iLDzU UOIg4GCgbCram0mexlyrZlCpXjpLs9tL6J WttOl 5t21jpc94SVfw9qkD/NBIZDblhtAwTmSJup beMn7yAYr0fRfgm3xEsbDXficNQ1LSbGV5YItNvNl syqBHd/abdhcGNY2nQRxybm8xfkdcEa/wy G sXcTX3juy02/utIkSOz05YCdsflnejySNiVSzYQH5U8vBIYyKnp7S6TZQyeKLKX7NavulvIrgvbrkEmTY5x5U2d2UyAz7gwViXFRs1foefjKrjWdGm7tO146672e2/wBmXw3 duf8Q2tlpWn29v4Y1oy6ZeyTXH2OOXfBu8w5dBnCYcONq4XO/IyOPPvB/iPX/Dv7SyeENZ1K5m0zULeHU9IRSfLtQ0UdtdxcjktLBFIQCQFlHQsa9J8PaK/ivxVPrYjkW1S5lF0skZDJLA3k U5IG9h5ajeCysoBVmHNcp8bvDS HtQm JMEX k6DompvburYZN0ayMB9TAhz/sCmqbafTYurjqUfq EhPmupOT0 1GSSbW7SbTfXQwv CZGla7Z/s0N4g1 czT KvEd/rauc/MHWKJjz/twufxorrP2AEkg/ZC HcEpJZLe/Bz1GdRuTj8M4/CiuuLbV5PU GkknaKsi54p8O6r4fuH1PwtdXFtCUf97CFaS3BUhlO5SGTHPIIyqkjcitWVa LEtZLe5u9Oku7mKOR5mu7mR7eNkKBJIo/3hifyw2VhiAJJzgc1V1j4w6x4huZNF FGhSatcKTHJqU4KWlucDkk9SAytg8kZwrUvhzwBrlvbz3XirxOb3ULlvM2wW6Jb27EkkKAAzdcZJAwBhV5zg4u96Wq/A8F0pqfNhNvPb5f8D7zxzxp4b0L4v6/qepWvgWK6Go2Eiza9572cUwnh8ghliYb2WGa4QNMJXUMyqUXiqmk/s6adoms H9a0eeC017wzPI9rIl/JJHZxLBbxxxcoBxHEqBWBO055JJHu1z4TvYRL5LCXecZjYo7r1w3Tj1XJFU7nwzqNxHb2TSXENvA6ukUYUquOmTgk/nx25ArJqSd5xZg1VWlSEr W3p9xyUem Po7C80WTxx4l1XTbxhDaPfa9PeySxh3ZEctKS6PHI24c8BGPEfFWysLk2qLqPhe1nFwgghmZ0ZmTaQCyiTcyYG0P2xjsoHfS Gru6mZ76a4fzVKOfN2qVwAVIUj5Tj7uMZycZJzesvD9pbBUMahV52qOOuTz70KNSXwp/M0SxFWX7tNeb0OatPDtxqki6he6VG1xax/ItvGuSQOPmPc7QOoXgdMZq2uq6/YxKLn4aXc5TuLlW/RQa7a38qFBHEoRV4AAxUxmyCOfzrohhuR8zep1UsC4S9pKb5vl qZyXhrx1YXusro2peFZ9Hu5ELW4mUnzMZyOVXBwOOoODzxza1W6 yeJNTvlQATaU8PT 88Kf41R IGhz6lpyajp Vv9OcXFu6j5gQckDg menas7/AIS211K3tr6SNVl1K1e0ePvHMpWRlwef WZxnnBBqa7cY2Z6OWKU8yw9Co7/ALyPzV7P7j1Tw/O8Og6bCwKmOzgQg9sIBVPxRpA1y2DxKv2mIYUnA3r3Qn WeM56ZJpFugAAi7VAwB6CornVILOJp7u4jijXGXdgAMnHU1q4Ll5Welh8bWoYtYrD6SvdfPp89jmdJ16 0cNpUrQ28UURijupEJa2ROkWzoeNwDHAXA3b8Yrs9H8QaN4enljlu0uZ9REFtqly2354sjKmT5UX5GbamRjzCVXLEnzi/wDFNv4k1Vbbw/pdxeMComuU QBcDB59icbiD8uBmm3ujT2h2TRSGJgR5bSMI2PzHhlIZeWJIB5ycjmuFzcfh1sfoLy3DZm4zl 6qS1lT0u2tut0rq/K7J6Npdfp/TNV0XxPe3UljfWGpWQtI4gI3WT77P5isPQhYxg hHY1xfgf4ZeF/B99pvijTlu3v9ePmyCabckc728kjOgxkf8ALQYJIG/jGBXjEmgeCdQigsZtOuPNiIitnlupo442c7ndhE68btxz8uSQvyKAR2FpraQPBb6X42vVv4RKY1/tBJ44duQ7JHKWjwA 1eOhwcBWxoqzdm0eBXyV4VShFySfeNlblau2m9Lv3nby1ueieJbbR5tI1DwxrMUM/wDaF28EMFzGJI7gOpnwyEEeXtV0ORghCO K4XT/AA/paaHrWmeEND0/TEsLoC3t4bYRxi4WGGaNmSPbkxysvy8jCFMY6Y q3llq922qXPxD1C6urMCUzSXMMUyZQgLFEiR5G1zkAdWIB3bxWLFrmq6cJUs/Fd5cTNJIysLdkDHcVVnd3 b5VU42Z5xu44ipVTeq0PQweTV6kF7KT5nZtOMuVSum76dUlZu1ru1j1OaWygey8Q2clvatfMkFyZZBhk8t2AYKdrSIe5YYXzMbjhTxN5qOo J9RutD0OyjS1v7z7Q4id2WRgiKWYt0XKFuFQHIJXdkmjp3h/xZ4sji 1ANDCgWOab5VOAcZfBeQ53fMdx5OTk86qyeO/hxYveW/hrSdQhLbpzbzO8qxjk/M2zPH91Tz/DScpTWzSOijg8NlLf7yE8QtIpyso66XfVrS19rK1tGem H9Di0HS7fToZmcwxqjOxJzgcAZ6KBwB0Arjfiv4cfxXDF4UkuTBHrVjf2ZmVMmLfGqbsd8b849q7Hw1r9n4l0a21mx4juF5Qn5o3HDIfcHI/WodWVJvFGgIR9xbtv/HFx q10uzh7vkfIYWVWOYTlifjSqN qjL9SD4U/D7RPhX8P9G H/h0S/YNHgMUZlfc7szs7uT6s7s3GBzwAKK6dG2jiitlorHjtNu7PKbHTbbTbSKx06yhtLaFQkcMMYREUdAAOAKn8vnmtKCESYXoasrpQbsK0VjGxi WD1pPLX0reGi5pf7GA7UBaxz0lsHXgc1A9hIegrrF0cdxUyaUg6igDjFsZgfuGp47Fz1U12K6bEB90U4WEfdRQM4 TTCyEFOorybxVo1l4d8R6BDsVYLvWZZSAMBFNrJn/ANBP4V9DvpyMpA4/CuT8S/DGz8TXVvPc6pd2wtyWU24QEkgjncrcc5/D8Kxr03UhZG2EmqOKpV39mSfnbZ28zjr7xRcyT/2b4X0iTUrsHDN92JMepyOOGGSQMjgmorb4cajq8y33jbV2vHXlbW3YpCnY88E5wp4C8jvXp keDtJ0O1FrYo4GSzsxyzserE9z/LgDgYq42mRj7q5qfZOprU 7p/wT2XmcMIuTL48v977b f2fSNvNs5Gy0W1sIFtrO1ighT7qRoFVfoBVr7FGymOSJXVhhlYZB/Ct17Jl6LxUD2z9NtaciSsebzylLmvqc5N4Q0a6O4RSQE8nymwD7YOQPwFVW HUEhIj1Jgp7NCCf5iuqETj H9KmhD hrF0ovoezQz7MqC5YVn87P8AO5ytt8M9NQj7TeSuo7RoqfzzW9pnhHQNP2tHYJK6jG b5z9cHgH6AVsRqxHIqYW5NSqUVsiMTneYYpWq1nb1t ViWL1qSW3juYWikXKsMHNNjgdTVuKI96uzR5Ddjy7Rrh/hl4xk0u6ymg61JmNsHbBN29gO3bjHB21293M7eO9Ot 0dpI//AH1uB/8AQak8V F7XxHpUtlOMMRlHHBU o/zz0Ncz4DbU5fEKW2rnM l2Ztg55LorfK2e/D46DoKzacHbo2fR0alPHUJ4mT/AHkIST/vJqyfqtn8vM9KXpRT0Xiium58s2fHv7Efxy8Q/GT4c39t441iC 8UeHLxYbp0gMcj2kqk28spVRFvZkuEwnOIQWALZb6Wt7kDCua8u C3gjw/4E8MR6B4R8J2mh2LSNcNDbqcySOcs7uxLu3QbmYnAAzgAD1O3sXbBfimm2rmSVtEXkcMBiplUHtTIbcRqB2qwABVg2NCU4KDTqPegSDbQEFL9aXPrQUkN2UnlA1ICKOKBkflD0pPIU8VN9KWgdysbYH0pptFPYcVb4pCKl3HdlM2UfQqKUWcfZBVrFGKmzGpMgFsg4wKeIB0FSU4UtgcmNWEU8R hFFOz60xX7jHjkZSquB GaztK8Nw2Op3OqNOzzTr5Y4wFXOSPzArVBp68Umk9GbU60qSag7XVn6DwuOC5P4UULiinYxuc7Z2UNugWNAAB2q6uB0FFFaGbHZ4yaA2aKKCRQ3agMc0UUFIXdxS7uM hoooBCgnrShjRRQUgzS7sc0UUDDNG7NFFAC54pCaKKBi 1KPSiikJjgO9KKKKAHAZqVI Mk0UU0gJVRRRRRQB//Z